2a1bac12bad17ee733d5f5dcab62f75c6ee65e50315844e0626adbe569c9bdcb
