uikg7vu4zpft00qjdtyjcxxwk7bykxxrlh2zgtticvpnqgqq13csmtcz21dw9t54o4s97klghde15lug47rwfl60kyjd07p40wnyl08u3kquvo1rgifra7vm0bkowj3a8m8dbd9tycehehbdlf1k3s5eblb9rd5jk1vrkd6gg0obj85if45qe6g4cq3ooad4jqfv62rejt5k82lnlgvjon48fah62jfsq4d0ygha5b3tr8vbdqa5on77328qgx1e2zl6obk3agihxlsss255dngz51dtwxuj1zvy5s3uo715kp1ddjkvbnmvj70dxfw603t8wauft60hja5te84wv1356eysmmbz2ya5hnosrjn6ogeoc5c7dd8qqj4ev8t4ks9pl7vyxc3knatdybnzc71mmxj6nd7morkhgtsx94gd8yasdytmal0fpxaijjmsl6adivljo2frahvcw05c5i06uvqqdg283nne5rbi0xunz0wi304ka8cx8ayt8n7uljmt6v8rwlhp8p4nkw5g1xivzid84hrl8j8mic1bxefcg4337wybg8l8wxuw5mmryyap6h0mwtkcrrrn5v1mnvrk8p9amgzo8e2s1uww6oxjwnq9a9um2yrltf21u3mirdk7sqgfjt079ffsifh4qoinada7va3a4skgyr0zcmsx9z0lu4bjpmpztp750j97mbukaso8ulmyyg7is6tmv24sr3kzcf39lt377o3swwplobb22pogq3swbpatryb7in9pw4fecaotxhbn7kwjb9yx83tjek2rwio1wuk8i94il2e1oonicxjwuihe0euumnbagdh57h8l9hoh4ljs6rxaitghmn1vnqzxcf87hqno7ra6atautj6dgj7gkpo8swaa6nvrguy6zxax08w9jw8zmoujbvo114vf8cg1wvvju8nsudu3cw1mcp0fgdqbbr2qdod1tstg3fefqcyqvfvmx5me89makof0qs0nryku6ekt6mavrnufoibsl6ki
test3.data
1000
10
