bpkg_print_all
04hvsa1jpchz01esq2ek495xn0d1lu23ebrd5ykztd1p50yvsnukxz8ue0ju0e69uoq1rser9txfgfivy4oy84piz514do6afkj50n5yoltrvce4ecg845y45lwkzmx4vgzmiznw0v085tg8j21obj9o5adbkuf5q63fdre1qgsb48dxd0k5h2lfhvardeyyf6p6o70uf1ofv6fgakaz4n8bo9xlzkuowte2u4aj9q0ugzlihb77rmxmievwi55l2ddigkd18dqxzgkmo3pg0w5fq2c5t9wvfr7ix8wqsu18k3g04a87tdya34h9urp3znqz4h4gomgkx91xrqd2kr10t8v5vcql3pfafcc34ihvz1j7c1zfsisn9uotvinh8ha5wqaed9e0e8xnew2uxryxrq6u19vcsizs47vnkoefk49jsfgd1spbisrlqfgbiz2h9nlkwzx1k08zu8x0qcy7jl3u943koxpx1pybk643i6kq8o7fmq50ohpwtrbjc8i4dax0sjyw3lymug7fjjluslvz8t7n899y2bid0z1ujazd4iqu4scdc1jhp3fd3aiohdf8h0grn7pnm5ua5e0pszgma3fn503wlka5brtpixzdlba8jamy6t99lv0l87cicm2etcvmmc3xn3dhxhq50b22lxdhqh7kuic8uh7abbar96nki3ftuxxtf9xcdxulwb8ij4iihx80046u1yxu2h50a2nkwfq76kb7k3grkt2hptxyg93z9rnbbylahpu32w31ufrjw94n2b4673f3z9zsn6330qvvcfjyniwaj0gpb9egghqez6yz3qrwmic0btd9en7vfcxg30ofy7wm33le8xgajsju1365xf5mm63nk2o6jkmnaj8wrp5wyutnuisk3nnr4uf4oxci1xuecle1e3jzn2wcdcv9s5y9yxyysj8a5llhk8h0gspp8kyet428ue7bsctezwqzsy65adpbhdg3p1jrrx0gq2ixxq3fihmjelnlactayh24
test1.data
1000
5
bdhmpr5pbj0wognd79r2tzetmv0etyk8wob7msh2u2hblw8r4oaz9404nfjaqhxr
480259kz3fjhczrll3ktqj5pcfddrjasmduw4nsk8ap3y41jn9xe70vgbfa0xggz
n0jhltqe0saowzhmn5ojymwaas7yg3ax1ih24jjvr271v9nedh24vv9xn58nc5fm
lgyid1vyrpwipmxb44dl4iisjdh55r3u9i5j9w1ljcfcshtm7lvipq3tsnl46fk9
hq0w75fjswrw3s03ma6dbb8l81ergz4gd5k4lxkvhnk0l6vmrsubw562dtisffu8
6
98d0cb95fe99cd00b0371471befb013080b1381821db4dc8df3ad6edc82e7874,0,10
3ffa5642ad19411984e3b8c711d0618f16513480887deb13cc417135bf7377e6,10,10
f6bcd57a574bd334b7609872ae868e7424b7b2347cc705ecb90895a9e3daaefa,20,10
680ae337b1322d9b4e31bd1e17bb8c811cf98eeec0aaaf9203cadf96b7e1d8b7,30,10
8ad5928a209fae257e6f5e548afe8cf1012506e933791d9b070ba594abf67b9d,40,10
f934772bfd91b22359d4a23c7b7a5b64ceaeb3491c9513d76a6b2b0516217281,50,10
